ADV CRM Users Module - Property-Based Tests਀㴀㴀㴀㴀㴀㴀㴀㴀㴀㴀㴀㴀㴀㴀㴀㴀㴀㴀㴀㴀㴀㴀㴀㴀㴀㴀㴀㴀㴀㴀㴀㴀㴀㴀㴀㴀㴀㴀㴀㴀㴀㴀 
਀匀琀愀爀琀椀渀最 猀挀栀攀洀愀 椀渀琀攀最爀椀琀礀 琀攀猀琀猀⸀⸀⸀ 
=== Database Schema Integrity Property Tests ===਀ 
Running property test: Referential Integrity Maintenance (100 iterations)਀錀ꌃ 倀爀漀瀀攀爀琀礀 琀攀猀琀 瀀愀猀猀攀搀㨀 刀攀昀攀爀攀渀琀椀愀氀 䤀渀琀攀最爀椀琀礀 䴀愀椀渀琀攀渀愀渀挀攀 
Schema test result: PASSED਀䌀氀攀愀渀椀渀最 甀瀀 琀攀猀琀 搀愀琀愀⸀⸀⸀ 
